.\gradlew.bat : 
En línea: 1 Carácter: 1
+ .\gradlew.bat 
app:assembleDebug 
--warning-mode all 2>&1 | 
Tee-Object  ...
+ ~~~~~~~~~~~~~~~~~~~~~~~~~~
~~~~~~~~~~~~~~~~~~~~~~~~~~~~
~
    + CategoryInfo          
    : NotSpecified: (:Stri  
  ng) [], RemoteException
    + FullyQualifiedErrorId 
    : NativeCommandError
 
FAILURE: Build failed with 
an exception.

* Where:
Settings file 'C:\Users\abra
h\OneDrive\Escritorio\La Sal
le\7mo\TFG_DOCUMENTACION\ARC
HIVOS_VSCODE\APP\android\set
tings.gradle' line: 21

* What went wrong:
Error resolving plugin [id: 
'com.facebook.react.settings
']
> Could not read workspace 
metadata from C:\Users\abrah
\.gradle\caches\8.14.3\kotli
n-dsl\accessors\7e10303cd0df
f5d553683a5b3fa7b75d\metadat
a.bin

* Try:
> Run with --stacktrace 
option to get the stack 
trace.
> Run with --info or 
--debug option to get more 
log output.
> Run with --scan to get 
full insights.
> Get more help at 
https://help.gradle.org.

BUILD FAILED in 1s
